// Vitest Snapshot v1, https://vitest.dev/guide/snapshot.html

exports[`作成から投票までの流れ全体がスナップショットと一致する（Node と Python で同じ） 1`] = `
{
  "db": {
    "polls": {
      "deleted": [],
      "inserted": [
        {
          "id": 2,
          "option_a": "朝",
          "option_b": "夜",
          "title": "朝か夜か",
        },
      ],
      "updated": [],
    },
    "votes": {
      "deleted": [],
      "inserted": [
        {
          "choice": "b",
          "id": 1,
          "poll_id": 2,
        },
      ],
      "updated": [],
    },
  },
  "http": [
    {
      "body": {
        "id": 2,
      },
      "request": "POST /polls",
      "status": 201,
    },
    {
      "request": "POST /polls/2/votes",
      "status": 204,
    },
    {
      "body": {
        "id": 2,
        "options": {
          "a": "朝",
          "b": "夜",
        },
        "title": "朝か夜か",
        "votes": {
          "a": 0,
          "b": 1,
        },
      },
      "request": "GET /polls/2",
      "status": 200,
    },
  ],
  "stubs": {
    "slack": [
      {
        "body": {
          "text": "新しい投票: 朝か夜か（朝 vs 夜）",
        },
        "request": "POST /hook",
        "status": 200,
      },
    ],
  },
}
`;
